
  .   ____          _            __ _ _
 /\\ / ___'_ __ _ _(_)_ __  __ _ \ \ \ \
( ( )\___ | '_ | '_| | '_ \/ _` | \ \ \ \
 \\/  ___)| |_)| | | | | || (_| |  ) ) ) )
  '  |____| .__|_| |_|_| |_\__, | / / / /
 =========|_|==============|___/=/_/_/_/
 :: Spring Boot ::                (v3.2.5)

2026-02-08T18:49:38.474-05:00  INFO 36084 --- [cobol-web] [           main] c.enterprise.cobol.CobolWebApplication   : Starting CobolWebApplication v1.0.0-SNAPSHOT using Java 21.0.9 with PID 36084 (D:\apps\ws\ws12\cobol-web\target\cobol-web-1.0.0-SNAPSHOT.jar started by smate in D:\apps\ws\ws12\cobol-web)
2026-02-08T18:49:38.478-05:00  INFO 36084 --- [cobol-web] [           main] c.enterprise.cobol.CobolWebApplication   : No active profile set, falling back to 1 default profile: "default"
2026-02-08T18:49:39.463-05:00  INFO 36084 --- [cobol-web] [           main] o.s.b.w.embedded.tomcat.TomcatWebServer  : Tomcat initialized with port 8080 (http)
2026-02-08T18:49:39.473-05:00  INFO 36084 --- [cobol-web] [           main] o.apache.catalina.core.StandardService   : Starting service [Tomcat]
2026-02-08T18:49:39.473-05:00  INFO 36084 --- [cobol-web] [           main] o.apache.catalina.core.StandardEngine    : Starting Servlet engine: [Apache Tomcat/10.1.20]
2026-02-08T18:49:39.506-05:00  INFO 36084 --- [cobol-web] [           main] o.a.c.c.C.[Tomcat].[localhost].[/]       : Initializing Spring embedded WebApplicationContext
2026-02-08T18:49:39.507-05:00  INFO 36084 --- [cobol-web] [           main] w.s.c.ServletWebServerApplicationContext : Root WebApplicationContext: initialization completed in 967 ms
2026-02-08T18:49:39.589-05:00  INFO 36084 --- [cobol-web] [           main] o.s.b.a.w.s.WelcomePageHandlerMapping    : Adding welcome page: class path resource [static/index.html]
2026-02-08T18:49:39.782-05:00  INFO 36084 --- [cobol-web] [           main] o.s.b.w.embedded.tomcat.TomcatWebServer  : Tomcat started on port 8080 (http) with context path ''
2026-02-08T18:49:39.810-05:00  INFO 36084 --- [cobol-web] [           main] c.enterprise.cobol.CobolWebApplication   : Started CobolWebApplication in 1.74 seconds (process running for 2.203)
2026-02-08T18:49:42.629-05:00  INFO 36084 --- [cobol-web] [nio-8080-exec-1] o.a.c.c.C.[Tomcat].[localhost].[/]       : Initializing Spring DispatcherServlet 'dispatcherServlet'
2026-02-08T18:49:42.630-05:00  INFO 36084 --- [cobol-web] [nio-8080-exec-1] o.s.web.servlet.DispatcherServlet        : Initializing Servlet 'dispatcherServlet'
2026-02-08T18:49:42.630-05:00  INFO 36084 --- [cobol-web] [nio-8080-exec-1] o.s.web.servlet.DispatcherServlet        : Completed initialization in 0 ms
2026-02-08T18:51:21.226-05:00  INFO 36084 --- [cobol-web] [nio-8080-exec-1] o.apache.tomcat.util.http.parser.Cookie  : A cookie header was received [sidebar:state=false] that contained an invalid cookie. That cookie will be ignored.
 Note: further occurrences of this error will be logged at DEBUG level.
