
  .   ____          _            __ _ _
 /\\ / ___'_ __ _ _(_)_ __  __ _ \ \ \ \
( ( )\___ | '_ | '_| | '_ \/ _` | \ \ \ \
 \\/  ___)| |_)| | | | | || (_| |  ) ) ) )
  '  |____| .__|_| |_|_| |_\__, | / / / /
 =========|_|==============|___/=/_/_/_/
 :: Spring Boot ::                (v3.2.5)

12:36:29.495 [main] INFO  c.e.cobol.CobolServiceApplication - Starting CobolServiceApplication v1.0.0-SNAPSHOT using Java 21.0.9 with PID 32000 (D:\apps\ws\ws12\cobol-service\target\cobol-service-1.0.0-SNAPSHOT.jar started by smate in D:\apps\ws\ws12\cobol-service)
12:36:29.512 [main] DEBUG c.e.cobol.CobolServiceApplication - Running with Spring Boot v3.2.5, Spring v6.1.6
12:36:29.512 [main] INFO  c.e.cobol.CobolServiceApplication - No active profile set, falling back to 1 default profile: "default"
12:36:35.512 [main] INFO  o.s.d.r.c.RepositoryConfigurationDelegate - Multiple Spring Data modules found, entering strict repository configuration mode
12:36:35.519 [main] INFO  o.s.d.r.c.RepositoryConfigurationDelegate - Bootstrapping Spring Data Elasticsearch repositories in DEFAULT mode.
12:36:35.666 [main] INFO  o.s.d.r.c.RepositoryConfigurationExtensionSupport - Spring Data Elasticsearch - Could not safely identify store assignment for repository candidate interface com.enterprise.cobol.repository.jpa.AnalysisJobRepository; If you want this repository to be a Elasticsearch repository, consider annotating your entities with one of these annotations: org.springframework.data.elasticsearch.annotations.Document (preferred), or consider extending one of the following types with your repository: org.springframework.data.elasticsearch.repository.ElasticsearchRepository, org.springframework.data.elasticsearch.repository.ElasticsearchRepository
12:36:35.667 [main] INFO  o.s.d.r.c.RepositoryConfigurationExtensionSupport - Spring Data Elasticsearch - Could not safely identify store assignment for repository candidate interface com.enterprise.cobol.repository.jpa.ProjectRepository; If you want this repository to be a Elasticsearch repository, consider annotating your entities with one of these annotations: org.springframework.data.elasticsearch.annotations.Document (preferred), or consider extending one of the following types with your repository: org.springframework.data.elasticsearch.repository.ElasticsearchRepository, org.springframework.data.elasticsearch.repository.ElasticsearchRepository
12:36:35.668 [main] INFO  o.s.d.r.c.RepositoryConfigurationExtensionSupport - Spring Data Elasticsearch - Could not safely identify store assignment for repository candidate interface com.enterprise.cobol.repository.jpa.SavedQueryRepository; If you want this repository to be a Elasticsearch repository, consider annotating your entities with one of these annotations: org.springframework.data.elasticsearch.annotations.Document (preferred), or consider extending one of the following types with your repository: org.springframework.data.elasticsearch.repository.ElasticsearchRepository, org.springframework.data.elasticsearch.repository.ElasticsearchRepository
12:36:35.687 [main] INFO  o.s.d.r.c.RepositoryConfigurationDelegate - Finished Spring Data repository scanning in 159 ms. Found 3 Elasticsearch repository interfaces.
12:36:35.694 [main] INFO  o.s.d.r.c.RepositoryConfigurationDelegate - Multiple Spring Data modules found, entering strict repository configuration mode
12:36:35.695 [main] INFO  o.s.d.r.c.RepositoryConfigurationDelegate - Bootstrapping Spring Data Reactive Elasticsearch repositories in DEFAULT mode.
12:36:35.702 [main] INFO  o.s.d.r.c.RepositoryConfigurationExtensionSupport - Spring Data Reactive Elasticsearch - Could not safely identify store assignment for repository candidate interface com.enterprise.cobol.repository.jpa.AnalysisJobRepository; If you want this repository to be a Reactive Elasticsearch repository, consider annotating your entities with one of these annotations: org.springframework.data.elasticsearch.annotations.Document (preferred), or consider extending one of the following types with your repository: org.springframework.data.elasticsearch.repository.ReactiveElasticsearchRepository
12:36:35.702 [main] INFO  o.s.d.r.c.RepositoryConfigurationExtensionSupport - Spring Data Reactive Elasticsearch - Could not safely identify store assignment for repository candidate interface com.enterprise.cobol.repository.jpa.ProjectRepository; If you want this repository to be a Reactive Elasticsearch repository, consider annotating your entities with one of these annotations: org.springframework.data.elasticsearch.annotations.Document (preferred), or consider extending one of the following types with your repository: org.springframework.data.elasticsearch.repository.ReactiveElasticsearchRepository
12:36:35.702 [main] INFO  o.s.d.r.c.RepositoryConfigurationExtensionSupport - Spring Data Reactive Elasticsearch - Could not safely identify store assignment for repository candidate interface com.enterprise.cobol.repository.jpa.SavedQueryRepository; If you want this repository to be a Reactive Elasticsearch repository, consider annotating your entities with one of these annotations: org.springframework.data.elasticsearch.annotations.Document (preferred), or consider extending one of the following types with your repository: org.springframework.data.elasticsearch.repository.ReactiveElasticsearchRepository
12:36:35.702 [main] INFO  o.s.d.r.c.RepositoryConfigurationDelegate - Finished Spring Data repository scanning in 7 ms. Found 0 Reactive Elasticsearch repository interfaces.
12:36:35.724 [main] INFO  o.s.d.r.c.RepositoryConfigurationDelegate - Multiple Spring Data modules found, entering strict repository configuration mode
12:36:35.725 [main] INFO  o.s.d.r.c.RepositoryConfigurationDelegate - Bootstrapping Spring Data JPA repositories in DEFAULT mode.
12:36:35.736 [main] INFO  o.s.d.r.c.RepositoryConfigurationExtensionSupport - Spring Data JPA - Could not safely identify store assignment for repository candidate interface com.enterprise.cobol.repository.es.DependencyDocumentRepository; If you want this repository to be a JPA repository, consider annotating your entities with one of these annotations: jakarta.persistence.Entity, jakarta.persistence.MappedSuperclass (preferred), or consider extending one of the following types with your repository: org.springframework.data.jpa.repository.JpaRepository
12:36:35.736 [main] INFO  o.s.d.r.c.RepositoryConfigurationExtensionSupport - Spring Data JPA - Could not safely identify store assignment for repository candidate interface com.enterprise.cobol.repository.es.ParagraphDocumentRepository; If you want this repository to be a JPA repository, consider annotating your entities with one of these annotations: jakarta.persistence.Entity, jakarta.persistence.MappedSuperclass (preferred), or consider extending one of the following types with your repository: org.springframework.data.jpa.repository.JpaRepository
12:36:35.737 [main] INFO  o.s.d.r.c.RepositoryConfigurationExtensionSupport - Spring Data JPA - Could not safely identify store assignment for repository candidate interface com.enterprise.cobol.repository.es.ProgramDocumentRepository; If you want this repository to be a JPA repository, consider annotating your entities with one of these annotations: jakarta.persistence.Entity, jakarta.persistence.MappedSuperclass (preferred), or consider extending one of the following types with your repository: org.springframework.data.jpa.repository.JpaRepository
12:36:35.746 [main] INFO  o.s.d.r.c.RepositoryConfigurationDelegate - Finished Spring Data repository scanning in 15 ms. Found 3 JPA repository interfaces.
12:36:38.641 [main] INFO  o.s.b.w.e.tomcat.TomcatWebServer - Tomcat initialized with port 8082 (http)
12:36:38.695 [main] INFO  o.a.catalina.core.StandardService - Starting service [Tomcat]
12:36:38.701 [main] INFO  o.a.catalina.core.StandardEngine - Starting Servlet engine: [Apache Tomcat/10.1.20]
12:36:38.832 [main] INFO  o.a.c.c.C.[Tomcat].[localhost].[/] - Initializing Spring embedded WebApplicationContext
12:36:38.835 [main] INFO  o.s.b.w.s.c.ServletWebServerApplicationContext - Root WebApplicationContext: initialization completed in 8914 ms
12:36:39.637 [main] INFO  com.zaxxer.hikari.HikariDataSource - HikariPool-1 - Starting...
12:36:40.222 [main] INFO  com.zaxxer.hikari.pool.HikariPool - HikariPool-1 - Added connection conn0: url=jdbc:h2:file:./data/cobol-service user=SA
12:36:40.224 [main] INFO  com.zaxxer.hikari.HikariDataSource - HikariPool-1 - Start completed.
12:36:40.232 [main] INFO  o.s.b.a.h.H2ConsoleAutoConfiguration - H2 console available at '/h2-console'. Database available at 'jdbc:h2:file:./data/cobol-service'
12:36:42.498 [main] INFO  o.h.jpa.internal.util.LogHelper - HHH000204: Processing PersistenceUnitInfo [name: default]
12:36:42.737 [main] INFO  org.hibernate.Version - HHH000412: Hibernate ORM core version 6.4.4.Final
12:36:42.977 [main] INFO  o.h.c.i.RegionFactoryInitiator - HHH000026: Second-level cache disabled
12:36:44.006 [main] INFO  o.s.o.j.p.SpringPersistenceUnitInfo - No LoadTimeWeaver setup: ignoring JPA class transformer
12:36:44.954 [main] INFO  o.h.e.t.j.p.i.JtaPlatformInitiator - HHH000489: No JTA platform available (set 'hibernate.transaction.jta.platform' to enable JTA platform integration)
12:36:45.000 [main] INFO  o.s.o.j.LocalContainerEntityManagerFactoryBean - Initialized JPA EntityManagerFactory for persistence unit 'default'
12:36:49.587 [main] WARN  o.s.b.a.o.j.JpaBaseConfiguration$JpaWebConfiguration - spring.jpa.open-in-view is enabled by default. Therefore, database queries may be performed during view rendering. Explicitly configure spring.jpa.open-in-view to disable this warning
12:36:52.643 [main] INFO  o.s.b.a.e.web.EndpointLinksResolver - Exposing 1 endpoint(s) beneath base path '/actuator'
12:36:52.937 [main] INFO  o.s.b.w.e.tomcat.TomcatWebServer - Tomcat started on port 8082 (http) with context path ''
12:36:52.954 [main] INFO  c.e.cobol.CobolServiceApplication - Started CobolServiceApplication in 25.718 seconds (process running for 31.55)
12:36:58.160 [http-nio-8082-exec-1] INFO  o.a.c.c.C.[Tomcat].[localhost].[/] - Initializing Spring DispatcherServlet 'dispatcherServlet'
12:36:58.160 [http-nio-8082-exec-1] INFO  o.s.web.servlet.DispatcherServlet - Initializing Servlet 'dispatcherServlet'
12:36:58.161 [http-nio-8082-exec-1] INFO  o.s.web.servlet.DispatcherServlet - Completed initialization in 0 ms
13:05:52.924 [http-nio-8082-exec-4] INFO  c.e.cobol.service.RunCleanupService - Deleting all data for batchRunId: be18ebba-1910-4f05-bd95-7492e51ea7ec
13:05:53.238 [http-nio-8082-exec-4] INFO  c.e.cobol.service.RunCleanupService -   Deleted from ES index cobol-programs: {"took":7,"timed_out":false,"total":31,"deleted":31,"batches":1,"version_conflicts":0,"noops":0,"retries":{"bulk":0,"search":0},"throttled_millis":0,"requests_per_second":-1.0,"throttled_until_millis":0,"failures":[]}
13:05:53.261 [http-nio-8082-exec-4] INFO  c.e.cobol.service.RunCleanupService -   Deleted from ES index cobol-paragraphs: {"took":12,"timed_out":false,"total":575,"deleted":575,"batches":1,"version_conflicts":0,"noops":0,"retries":{"bulk":0,"search":0},"throttled_millis":0,"requests_per_second":-1.0,"throttled_until_millis":0,"failures":[]}
13:05:53.291 [http-nio-8082-exec-4] INFO  c.e.cobol.service.RunCleanupService -   Deleted from ES index cobol-dependencies: {"took":23,"timed_out":false,"total":1267,"deleted":1267,"batches":2,"version_conflicts":0,"noops":0,"retries":{"bulk":0,"search":0},"throttled_millis":0,"requests_per_second":-1.0,"throttled_until_millis":0,"failures":[]}
13:05:53.317 [http-nio-8082-exec-4] WARN  c.e.cobol.service.RunCleanupService -   Failed to delete from Qdrant: 404 Not Found from POST http://localhost:6333/collections/cobol-analysis/points/delete
13:05:53.338 [http-nio-8082-exec-4] INFO  c.e.c.controller.ProjectController - Deleted project 1 with 1 runs
